
============================================================
Running experiment 1/3 (seed=0)
============================================================
✅ Seed 0 completed in 469.3s

============================================================
Running experiment 2/3 (seed=1)
============================================================
✅ Seed 1 completed in 431.7s

============================================================
Running experiment 3/3 (seed=2)
============================================================
✅ Seed 2 completed in 446.4s

============================================================
Completed 3/3 experiments successfully
============================================================

============================================================
STATISTICAL ANALYSIS REPORT
Number of successful runs: 3
============================================================

## Dream Phase Results

final_loss:
  Mean: 0.6923 ± 0.1788
  SEM: 0.1033
  Range: [0.4462, 0.8659]

final_perplexity:
  Mean: 7.0199 ± 0.3294
  SEM: 0.1902
  Range: [6.5623, 7.3241]

repetition_index:
  Mean: 79.0000 ± 22.6274
  SEM: 13.0639
  Range: [47.0000, 95.0000]

## Awakening Phase Results

Dreamer Accuracy: 0.6046 ± 0.0126
Random Accuracy:  0.3945 ± 0.0070

Advantage: 0.2101 ± 0.0196

## Statistical Significance Tests

Accuracy t-test:
  t-statistic: 20.5867
  p-value: 0.000033
  Result: significant
  ✅ Significant at p < 0.05

============================================================

Results saved to multi_run_results/
  - all_results.json
  - statistical_analysis.json
  - statistical_report.txt
